src/App.tsx(83,11): error TS2339: Property 'scanResult' does not exist on type 'AppState'.
src/App.tsx(99,30): error TS2345: Argument of type 'unknown' is not assignable to parameter of type 'number'.
src/App.tsx(121,48): error TS2571: Object is of type 'unknown'.
src/App.tsx(121,53): error TS2571: Object is of type 'unknown'.
src/App.tsx(125,66): error TS18046: 'count' is of type 'unknown'.
src/App.tsx(127,42): error TS2322: Type 'unknown' is not assignable to type 'ReactNode'.
src/components/FindingsList.tsx(15,11): error TS2339: Property 'scanResult' does not exist on type 'AppState'.
src/components/FindingsList.tsx(65,22): error TS2322: Type 'unknown' is not assignable to type 'ReactNode'.
src/components/FindingsList.tsx(75,26): error TS7006: Parameter 'finding' implicitly has an 'any' type.
src/components/FindingsList.tsx(75,35): error TS7006: Parameter 'idx' implicitly has an 'any' type.
src/components/FindingsList.tsx(92,56): error TS7006: Parameter 'e' implicitly has an 'any' type.
src/components/FindingsList.tsx(92,59): error TS7006: Parameter 'i' implicitly has an 'any' type.
src/components/ReportExportButton.tsx(5,25): error TS2339: Property 'scanResult' does not exist on type 'AppState'.
